// Jest Snapshot v1, https://goo.gl/fbAQLP

exports[`<Carousel /> Style should match the snapshot 1`] = `
Object {
  "asFragment": [Function],
  "baseElement": .c7 {
  font-size: 1em;
  line-height: 1.465;
  font-weight: normal;
  font-family: Arial,Helvetica,"sans-serif",Helvetica,sans-serif;
  padding: 0;
  color: inherit;
  margin: 0;
}

.c7:last-child {
  margin: 0;
}

.c1 {
  font-size: 1em;
  line-height: 1.465;
  font-weight: normal;
  font-family: Arial,Helvetica,"sans-serif",Helvetica,sans-serif;
  padding: 0;
  white-space: nowrap;
  color: #111111;
  cursor: pointer;
  text-align: center;
  vertical-align: middle;
  border-width: 0px;
  border-style: solid;
  padding-right: 10px;
  padding-left: 10px;
  font-family: Arial,Helvetica,"sans-serif";
  display: -webkit-inline-box;
  display: -webkit-inline-flex;
  display: -ms-inline-flexbox;
  display: inline-flex;
  -webkit-align-items: center;
  -webkit-box-align: center;
  -ms-flex-align: center;
  align-items: center;
  -webkit-box-pack: center;
  -webkit-justify-content: center;
  -ms-flex-pack: center;
  justify-content: center;
  max-width: 260px;
  background: linear-gradient(#FFFFFF,#FFFFFF 80%,#FFFFFF);
  border-color: #fff #fff #fff;
  background: linear-gradient(#FFFFFF,#FFFFFF 80%,#FFFFFF);
  border-color: #fff #fff #fff;
  color: undefined;
  padding-top: 0.45rem;
  padding-bottom: 0.45rem;
  font-size: 0.875rem;
  box-shadow: 1px 2px 3px 0px rgba(0,0,0,0.1);
}

.c1:hover {
  background: linear-gradient(#fff,#f9f9f9);
}

.c1:focus {
  box-shadow: 0 0 2px 0 #E77600;
  outline: none;
}

.c1:active {
  border-color: #fff #fff #fff;
}

.c1:disabled {
  cursor: not-allowed;
  opacity: 0.7;
  outline: none;
  pointer-events: none;
}

.c1:disabled:hover {
  background: linear-gradient(#FFFFFF,#FFFFFF 80%,#FFFFFF);
}

.c1 > img,
.c1 .loader {
  margin-right: undefined;
  position: relative;
  top: 1px;
}

.c1:hover {
  background: linear-gradient(#fff,#f9f9f9);
}

.c1:focus {
  box-shadow: 0 0 2px 0 #E77600;
  outline: none;
}

.c1:active {
  border-color: #fff #fff #fff;
}

.c1:disabled {
  cursor: not-allowed;
  opacity: 0.7;
  outline: none;
  pointer-events: none;
}

.c1:disabled:hover {
  background: linear-gradient(#FFFFFF,#FFFFFF 80%,#FFFFFF);
}

.c17 {
  display: -webkit-box;
  display: -webkit-flex;
  display: -ms-flexbox;
  display: flex;
  -webkit-box-pack: center;
  -webkit-justify-content: center;
  -ms-flex-pack: center;
  justify-content: center;
  width: 100%;
  max-width: none;
  border: 1px solid #DDDDDD;
  white-space: pre-line;
}

.c17:hover {
  background: #06adcb;
}

.c17:last-child {
  border-bottom-left-radius: 6px;
  border-bottom-right-radius: 6px;
  margin-bottom: 0;
}

.c15 {
  max-height: calc(95vw * (9 / 16));
  overflow: hidden;
  display: none;
}

.c15 img {
  float: left;
  height: 10rem;
  object-fit: cover;
}

.c11 {
  display: -webkit-box;
  display: -webkit-flex;
  display: -ms-flexbox;
  display: flex;
  -webkit-box-pack: center;
  -webkit-justify-content: center;
  -ms-flex-pack: center;
  justify-content: center;
  width: 100%;
  max-width: none;
  border: 1px solid #DDDDDD;
  white-space: pre-line;
}

.c11:hover {
  background: #06adcb;
}

.c11:last-child {
  border-bottom-left-radius: 6px;
  border-bottom-right-radius: 6px;
  margin-bottom: 0;
}

.c0 {
  border: 1px solid #DDDDDD;
  border-radius: 6px;
  background: #EDEDED;
  padding: 14px;
  position: relative;
}

.c0:after {
  display: block;
  content: " ";
  position: absolute;
  left: -6px;
  bottom: 4px;
  border-radius: 2px;
  border-left: 10px solid transparent;
  border-right: 12px solid transparent;
  border-bottom: 9px solid #EDEDED;
}

.c0 button {
  cursor: pointer;
  border: 1px solid #DDDDDD;
}

.c0 button:hover:enabled {
  color: #fff;
  background: #06adcb;
}

.c5 {
  border: 1px solid #DDDDDD;
  border-radius: 6px;
  position: relative;
  max-width: 350px;
  min-width: 225px;
  -webkit-scroll-snap-align: start;
  -moz-scroll-snap-align: start;
  -ms-scroll-snap-align: start;
  scroll-snap-align: start;
  background: #EDEDED;
  display: -webkit-box;
  display: -webkit-flex;
  display: -ms-flexbox;
  display: flex;
  -webkit-flex-direction: column;
  -ms-flex-direction: column;
  flex-direction: column;
}

.c5 button {
  cursor: pointer;
  border: 1px solid #DDDDDD;
}

.c5 button:hover:enabled {
  color: #fff;
  background: #06adcb;
}

.c8 {
  font-weight: bold !important;
}

.c9 {
  color: #555555;
}

.c16 {
  width: 100%;
  height: 100%;
  object-fit: cover;
}

.c6 {
  padding: 14px;
  text-align: left;
}

.c10 {
  position: relative;
  white-space: pre-line;
  border-radius: 6px;
  margin-top: auto;
  -webkit-flex: none;
  -ms-flex: none;
  flex: none;
}

.c13 {
  display: -webkit-box;
  display: -webkit-flex;
  display: -ms-flexbox;
  display: flex;
  -webkit-box-pack: center;
  -webkit-justify-content: center;
  -ms-flex-pack: center;
  justify-content: center;
  width: 100%;
  max-width: none;
  border: 1px solid #DDDDDD;
  background: #FFFFFF;
  white-space: pre-line;
  padding-right: 10px;
  padding-left: 10px;
  padding-top: 0.45rem;
  padding-bottom: 0.45rem;
  font-size: 0.875rem;
  line-height: 1.465;
  -webkit-text-decoration: none;
  text-decoration: none;
}

.c13:last-child {
  border-bottom-left-radius: 6px;
  border-bottom-right-radius: 6px;
  margin-bottom: 0;
}

.c13 a: {
  -webkit-text-decoration: none !important;
  text-decoration: none !important;
  font-weight: bold !important;
}

.c13 svg: {
  color: #555555;
  margin: 0 4px;
}

.c12 {
  font-weight: bold;
}

.c12 a {
  -webkit-text-decoration: none;
  text-decoration: none;
}

.c14 {
  font-weight: bold;
  -webkit-align-items: center;
  -webkit-box-align: center;
  -ms-flex-align: center;
  align-items: center;
  display: -webkit-box;
  display: -webkit-flex;
  display: -ms-flexbox;
  display: flex;
  -webkit-box-pack: center;
  -webkit-justify-content: center;
  -ms-flex-pack: center;
  justify-content: center;
}

.c14 a {
  -webkit-text-decoration: none;
  text-decoration: none;
}

.c4 {
  padding: 14px;
  margin: 0 6px;
  display: -webkit-box;
  display: -webkit-flex;
  display: -ms-flexbox;
  display: flex;
  gap: 2%;
  overflow-x: scroll;
  position: relative;
  -webkit-scroll-snap-type: x mandatory;
  -moz-scroll-snap-type: x mandatory;
  -ms-scroll-snap-type: x mandatory;
  scroll-snap-type: x mandatory;
  -webkit-scroll-behavior: smooth;
  -moz-scroll-behavior: smooth;
  -ms-scroll-behavior: smooth;
  scroll-behavior: smooth;
  -webkit-scroll-snap-type: x proximity;
  -moz-scroll-snap-type: x proximity;
  -ms-scroll-snap-type: x proximity;
  scroll-snap-type: x proximity;
  -ms-overflow-style: none;
  -webkit-scrollbar-width: none;
  -moz-scrollbar-width: none;
  -ms-scrollbar-width: none;
  scrollbar-width: none;
}

.c4::-webkit-scrollbar {
  display: none;
}

.c2 {
  cursor: pointer;
  position: absolute;
  top: 50%;
  display: block;
  --offset-x: 0;
  z-index: 99;
  width: 32px;
  height: 32px;
  border: 2px solid #fff;
  border-radius: 50%;
  background-size: 14px auto;
  background: white;
  -webkit-box-shadow: 1px 1px 2px 0px rgba(0,0,0,0.75);
  -moz-box-shadow: 1px 1px 2px 0px rgba(0,0,0,0.75);
  box-shadow: 1px 1px 2px 0px rgba(0,0,0,0.75);
}

.c18 {
  cursor: pointer;
  position: absolute;
  top: 50%;
  display: block;
  --offset-x: 0;
  z-index: 99;
  right: 0;
  width: 32px;
  height: 32px;
  border: 2px solid #fff;
  border-radius: 50%;
  background-size: 14px auto;
  background: white;
  -webkit-box-shadow: 1px 1px 2px 0px rgba(0,0,0,0.75);
  -moz-box-shadow: 1px 1px 2px 0px rgba(0,0,0,0.75);
  box-shadow: 1px 1px 2px 0px rgba(0,0,0,0.75);
}

.c3 {
  font-size: 0;
  -webkit-transform: rotate(180deg);
  -ms-transform: rotate(180deg);
  transform: rotate(180deg);
}

.c3 svg {
  width: 8px;
  height: 12px;
}

.c19 {
  font-size: 0;
  -webkit-transform: rotate(0deg);
  -ms-transform: rotate(0deg);
  transform: rotate(0deg);
}

.c19 svg {
  width: 8px;
  height: 12px;
}

<body>
    <div>
      <div
        class="c0"
        data-testid="interactive-carousel-message-title"
      >
        <p
          style="margin: 0px;"
        >
          Explore our travel resources
        </p>
      </div>
      <button
        class="c1 c2"
        data-selected="false"
        data-testid="interactive-carousel-scroll-left-btn"
        direction="left"
        type="default"
      >
        <div
          class="c3"
          direction="left"
        >
          <svg
            height="12px"
            viewBox="0 0 8 12"
            width="8px"
            xmlns="http://www.w3.org/2000/svg"
          >
            <g
              fill="none"
              fill-rule="evenodd"
              id="Page-1"
              stroke="none"
              stroke-width="1"
            >
              <polygon
                fill="currentColor"
                fill-rule="nonzero"
                id="Path"
                points="2 0 0.59 1.41 5.17 6 0.59 10.59 2 12 8 6"
              />
            </g>
          </svg>
        </div>
      </button>
      <div
        class="c4"
        data-testid="interactive-carousel-response-section"
      >
        <div
          class="c5"
          data-testid="asdf0001"
        >
          <div
            class="c6"
          >
            <p
              class="c7 c8"
              style="margin: 0px;"
            >
              Flight
            </p>
            <p
              class="c7 c9"
              style="margin: 0px;"
            >
              Select an option:
            </p>
          </div>
          <div
            class="c10"
          >
            <div>
              <button
                class="c1 c11"
                data-selected="false"
                type="default"
                value="Purchase Ticket"
              >
                <p
                  class="c7 c12"
                >
                  Purchase Ticket
                </p>
              </button>
              <button
                class="c1 c11"
                data-selected="false"
                type="default"
                value="View All Destinations"
              >
                <p
                  class="c7 c12"
                >
                  View All Destinations
                </p>
              </button>
              <div
                class="c13"
              >
                <p
                  class="c7 c14"
                >
                  <a
                    href="https://example.com"
                    target="_blank"
                  >
                    Learn More
                  </a>
                  <svg
                    fill="currentColor"
                    height="18"
                    stroke="none"
                    viewBox="0 0 24 24"
                    width="18"
                    xmlns="http://www.w3.org/2000/svg"
                  >
                    <path
                      d="M0 0h24v24H0z"
                      fill="none"
                    />
                    <path
                      d="M19 19H5V5h7V3H5a2 2 0 00-2 2v14a2 2 0 002 2h14c1.1 0 2-.9 2-2v-7h-2v7zM14 3v2h3.59l-9.83 9.83 1.41 1.41L19 6.41V10h2V3h-7z"
                    />
                  </svg>
                </p>
              </div>
            </div>
          </div>
        </div>
        <div
          class="c5"
          data-testid="asdf0002"
        >
          <div
            class="c15"
          >
            <img
              alt="Hotel Destination"
              class="c16"
              src="https://dynamic-media-cdn.tripadvisor.com/media/photo-o/22/a1/9c/80/essentia-luxury-hotel.jpg?w=700&h=-1&s=1"
            />
          </div>
          <div
            class="c6"
          >
            <p
              class="c7 c8"
              style="margin: 0px;"
            >
              Hotel
            </p>
            <p
              class="c7 c9"
              style="margin: 0px;"
            >
              Select an option:
            </p>
          </div>
          <div
            class="c10"
          >
            <div>
              <button
                class="c1 c11"
                data-selected="false"
                type="default"
                value="Book Room"
              >
                <p
                  class="c7 c12"
                >
                  Book Room
                </p>
              </button>
              <button
                class="c1 c11"
                data-selected="false"
                type="default"
                value="View All Listings"
              >
                <p
                  class="c7 c12"
                >
                  View All Listings
                </p>
              </button>
              <div
                class="c13"
              >
                <p
                  class="c7 c14"
                >
                  <a
                    href="https://example.com"
                    target="_blank"
                  >
                    Learn More
                  </a>
                  <svg
                    fill="currentColor"
                    height="18"
                    stroke="none"
                    viewBox="0 0 24 24"
                    width="18"
                    xmlns="http://www.w3.org/2000/svg"
                  >
                    <path
                      d="M0 0h24v24H0z"
                      fill="none"
                    />
                    <path
                      d="M19 19H5V5h7V3H5a2 2 0 00-2 2v14a2 2 0 002 2h14c1.1 0 2-.9 2-2v-7h-2v7zM14 3v2h3.59l-9.83 9.83 1.41 1.41L19 6.41V10h2V3h-7z"
                    />
                  </svg>
                </p>
              </div>
            </div>
          </div>
        </div>
        <div
          class="c5"
          data-testid="asdf0003"
        >
          <div
            class="c6"
          >
            <p
              class="c7 c8"
              style="margin: 0px;"
            >
              Dining
            </p>
            <p
              class="c7 c9"
              style="margin: 0px;"
            >
              Select an option:
            </p>
          </div>
          <div
            class="c10"
          >
            <div>
              <button
                class="c1 c17"
                data-selected="false"
                data-testid="listElement0"
                type="default"
                value="Book Table"
              >
                <p
                  class="c7 c12"
                >
                  Book Table
                </p>
              </button>
              <button
                class="c1 c17"
                data-selected="false"
                data-testid="listElement1"
                type="default"
                value="View Popular Entrees"
              >
                <p
                  class="c7 c12"
                >
                  View Popular Entrees
                </p>
              </button>
              <div
                class="c13"
                data-testid="listElement2"
              >
                <p
                  class="c7 c14"
                >
                  <a
                    href="https://example.com"
                    target="_blank"
                  >
                    Learn More
                  </a>
                  <svg
                    fill="currentColor"
                    height="18"
                    stroke="none"
                    viewBox="0 0 24 24"
                    width="18"
                    xmlns="http://www.w3.org/2000/svg"
                  >
                    <path
                      d="M0 0h24v24H0z"
                      fill="none"
                    />
                    <path
                      d="M19 19H5V5h7V3H5a2 2 0 00-2 2v14a2 2 0 002 2h14c1.1 0 2-.9 2-2v-7h-2v7zM14 3v2h3.59l-9.83 9.83 1.41 1.41L19 6.41V10h2V3h-7z"
                    />
                  </svg>
                </p>
              </div>
            </div>
          </div>
        </div>
      </div>
      <button
        class="c1 c18"
        data-selected="false"
        data-testid="interactive-carousel-scroll-right-btn"
        direction="right"
        type="default"
      >
        <div
          class="c19"
          direction="right"
        >
          <svg
            height="12px"
            viewBox="0 0 8 12"
            width="8px"
            xmlns="http://www.w3.org/2000/svg"
          >
            <g
              fill="none"
              fill-rule="evenodd"
              id="Page-1"
              stroke="none"
              stroke-width="1"
            >
              <polygon
                fill="currentColor"
                fill-rule="nonzero"
                id="Path"
                points="2 0 0.59 1.41 5.17 6 0.59 10.59 2 12 8 6"
              />
            </g>
          </svg>
        </div>
      </button>
    </div>
  </body>,
  "container": <div>
    <div
      class="sc-TOsTZ kVCUlu"
      data-testid="interactive-carousel-message-title"
    >
      <p
        style="margin: 0px;"
      >
        Explore our travel resources
      </p>
    </div>
    <button
      class="sc-hMqMXs jEknEr sc-dNLxif hBuYee"
      data-selected="false"
      data-testid="interactive-carousel-scroll-left-btn"
      direction="left"
      type="default"
    >
      <div
        class="sc-jqCOkK rQOTk"
        direction="left"
      >
        <svg
          height="12px"
          viewBox="0 0 8 12"
          width="8px"
          xmlns="http://www.w3.org/2000/svg"
        >
          <g
            fill="none"
            fill-rule="evenodd"
            id="Page-1"
            stroke="none"
            stroke-width="1"
          >
            <polygon
              fill="currentColor"
              fill-rule="nonzero"
              id="Path"
              points="2 0 0.59 1.41 5.17 6 0.59 10.59 2 12 8 6"
            />
          </g>
        </svg>
      </div>
    </button>
    <div
      class="sc-jbKcbu dFDmYh"
      data-testid="interactive-carousel-response-section"
    >
      <div
        class="sc-TOsTZ bcaPfi"
        data-testid="asdf0001"
      >
        <div
          class="sc-hmzhuo fLEfL"
        >
          <p
            class="sc-eNQAEJ iieVCa sc-kgAjT hWSRJP"
            style="margin: 0px;"
          >
            Flight
          </p>
          <p
            class="sc-eNQAEJ iieVCa sc-cJSrbW bjtoOs"
            style="margin: 0px;"
          >
            Select an option:
          </p>
        </div>
        <div
          class="sc-frDJqD bjKIYZ"
        >
          <div>
            <button
              class="sc-hMqMXs jEknEr sc-gipzik kNfQEF"
              data-selected="false"
              type="default"
              value="Purchase Ticket"
            >
              <p
                class="sc-eNQAEJ iieVCa sc-hqyNC jyTTXc"
              >
                Purchase Ticket
              </p>
            </button>
            <button
              class="sc-hMqMXs jEknEr sc-gipzik kNfQEF"
              data-selected="false"
              type="default"
              value="View All Destinations"
            >
              <p
                class="sc-eNQAEJ iieVCa sc-hqyNC jyTTXc"
              >
                View All Destinations
              </p>
            </button>
            <div
              class="sc-kvZOFW hlITtU"
            >
              <p
                class="sc-eNQAEJ iieVCa sc-hqyNC kmOPxH"
              >
                <a
                  href="https://example.com"
                  target="_blank"
                >
                  Learn More
                </a>
                <svg
                  fill="currentColor"
                  height="18"
                  stroke="none"
                  viewBox="0 0 24 24"
                  width="18"
                  xmlns="http://www.w3.org/2000/svg"
                >
                  <path
                    d="M0 0h24v24H0z"
                    fill="none"
                  />
                  <path
                    d="M19 19H5V5h7V3H5a2 2 0 00-2 2v14a2 2 0 002 2h14c1.1 0 2-.9 2-2v-7h-2v7zM14 3v2h3.59l-9.83 9.83 1.41 1.41L19 6.41V10h2V3h-7z"
                  />
                </svg>
              </p>
            </div>
          </div>
        </div>
      </div>
      <div
        class="sc-TOsTZ bcaPfi"
        data-testid="asdf0002"
      >
        <div
          class="sc-jlyJG bVtuBW"
        >
          <img
            alt="Hotel Destination"
            class="sc-ksYbfQ dfzqNG"
            src="https://dynamic-media-cdn.tripadvisor.com/media/photo-o/22/a1/9c/80/essentia-luxury-hotel.jpg?w=700&h=-1&s=1"
          />
        </div>
        <div
          class="sc-hmzhuo fLEfL"
        >
          <p
            class="sc-eNQAEJ iieVCa sc-kgAjT hWSRJP"
            style="margin: 0px;"
          >
            Hotel
          </p>
          <p
            class="sc-eNQAEJ iieVCa sc-cJSrbW bjtoOs"
            style="margin: 0px;"
          >
            Select an option:
          </p>
        </div>
        <div
          class="sc-frDJqD bjKIYZ"
        >
          <div>
            <button
              class="sc-hMqMXs jEknEr sc-gipzik kNfQEF"
              data-selected="false"
              type="default"
              value="Book Room"
            >
              <p
                class="sc-eNQAEJ iieVCa sc-hqyNC jyTTXc"
              >
                Book Room
              </p>
            </button>
            <button
              class="sc-hMqMXs jEknEr sc-gipzik kNfQEF"
              data-selected="false"
              type="default"
              value="View All Listings"
            >
              <p
                class="sc-eNQAEJ iieVCa sc-hqyNC jyTTXc"
              >
                View All Listings
              </p>
            </button>
            <div
              class="sc-kvZOFW hlITtU"
            >
              <p
                class="sc-eNQAEJ iieVCa sc-hqyNC kmOPxH"
              >
                <a
                  href="https://example.com"
                  target="_blank"
                >
                  Learn More
                </a>
                <svg
                  fill="currentColor"
                  height="18"
                  stroke="none"
                  viewBox="0 0 24 24"
                  width="18"
                  xmlns="http://www.w3.org/2000/svg"
                >
                  <path
                    d="M0 0h24v24H0z"
                    fill="none"
                  />
                  <path
                    d="M19 19H5V5h7V3H5a2 2 0 00-2 2v14a2 2 0 002 2h14c1.1 0 2-.9 2-2v-7h-2v7zM14 3v2h3.59l-9.83 9.83 1.41 1.41L19 6.41V10h2V3h-7z"
                  />
                </svg>
              </p>
            </div>
          </div>
        </div>
      </div>
      <div
        class="sc-TOsTZ bcaPfi"
        data-testid="asdf0003"
      >
        <div
          class="sc-hmzhuo fLEfL"
        >
          <p
            class="sc-eNQAEJ iieVCa sc-kgAjT hWSRJP"
            style="margin: 0px;"
          >
            Dining
          </p>
          <p
            class="sc-eNQAEJ iieVCa sc-cJSrbW bjtoOs"
            style="margin: 0px;"
          >
            Select an option:
          </p>
        </div>
        <div
          class="sc-frDJqD bjKIYZ"
        >
          <div>
            <button
              class="sc-hMqMXs jEknEr sc-gPEVay gERDOC"
              data-selected="false"
              data-testid="listElement0"
              type="default"
              value="Book Table"
            >
              <p
                class="sc-eNQAEJ iieVCa sc-hqyNC jyTTXc"
              >
                Book Table
              </p>
            </button>
            <button
              class="sc-hMqMXs jEknEr sc-gPEVay gERDOC"
              data-selected="false"
              data-testid="listElement1"
              type="default"
              value="View Popular Entrees"
            >
              <p
                class="sc-eNQAEJ iieVCa sc-hqyNC jyTTXc"
              >
                View Popular Entrees
              </p>
            </button>
            <div
              class="sc-kvZOFW hlITtU"
              data-testid="listElement2"
            >
              <p
                class="sc-eNQAEJ iieVCa sc-hqyNC kmOPxH"
              >
                <a
                  href="https://example.com"
                  target="_blank"
                >
                  Learn More
                </a>
                <svg
                  fill="currentColor"
                  height="18"
                  stroke="none"
                  viewBox="0 0 24 24"
                  width="18"
                  xmlns="http://www.w3.org/2000/svg"
                >
                  <path
                    d="M0 0h24v24H0z"
                    fill="none"
                  />
                  <path
                    d="M19 19H5V5h7V3H5a2 2 0 00-2 2v14a2 2 0 002 2h14c1.1 0 2-.9 2-2v-7h-2v7zM14 3v2h3.59l-9.83 9.83 1.41 1.41L19 6.41V10h2V3h-7z"
                  />
                </svg>
              </p>
            </div>
          </div>
        </div>
      </div>
    </div>
    <button
      class="sc-hMqMXs jEknEr sc-dNLxif btWvLr"
      data-selected="false"
      data-testid="interactive-carousel-scroll-right-btn"
      direction="right"
      type="default"
    >
      <div
        class="sc-jqCOkK lkYLcU"
        direction="right"
      >
        <svg
          height="12px"
          viewBox="0 0 8 12"
          width="8px"
          xmlns="http://www.w3.org/2000/svg"
        >
          <g
            fill="none"
            fill-rule="evenodd"
            id="Page-1"
            stroke="none"
            stroke-width="1"
          >
            <polygon
              fill="currentColor"
              fill-rule="nonzero"
              id="Path"
              points="2 0 0.59 1.41 5.17 6 0.59 10.59 2 12 8 6"
            />
          </g>
        </svg>
      </div>
    </button>
  </div>,
  "debug": [Function],
  "findAllByAltText": [Function],
  "findAllByDisplayValue": [Function],
  "findAllByLabelText": [Function],
  "findAllByPlaceholderText": [Function],
  "findAllByRole": [Function],
  "findAllByTestId": [Function],
  "findAllByText": [Function],
  "findAllByTitle": [Function],
  "findByAltText": [Function],
  "findByDisplayValue": [Function],
  "findByLabelText": [Function],
  "findByPlaceholderText": [Function],
  "findByRole": [Function],
  "findByTestId": [Function],
  "findByText": [Function],
  "findByTitle": [Function],
  "getAllByAltText": [Function],
  "getAllByDisplayValue": [Function],
  "getAllByLabelText": [Function],
  "getAllByPlaceholderText": [Function],
  "getAllByRole": [Function],
  "getAllByTestId": [Function],
  "getAllByText": [Function],
  "getAllByTitle": [Function],
  "getByAltText": [Function],
  "getByDisplayValue": [Function],
  "getByLabelText": [Function],
  "getByPlaceholderText": [Function],
  "getByRole": [Function],
  "getByTestId": [Function],
  "getByText": [Function],
  "getByTitle": [Function],
  "queryAllByAltText": [Function],
  "queryAllByDisplayValue": [Function],
  "queryAllByLabelText": [Function],
  "queryAllByPlaceholderText": [Function],
  "queryAllByRole": [Function],
  "queryAllByTestId": [Function],
  "queryAllByText": [Function],
  "queryAllByTitle": [Function],
  "queryByAltText": [Function],
  "queryByDisplayValue": [Function],
  "queryByLabelText": [Function],
  "queryByPlaceholderText": [Function],
  "queryByRole": [Function],
  "queryByTestId": [Function],
  "queryByText": [Function],
  "queryByTitle": [Function],
  "rerender": [Function],
  "unmount": [Function],
}
`;
